>abc_00001
MKTRIVSSVTTTLLLGSILMNPVANAADSDINIKTGTTDIGSNTTVKTGDLVTYDKENGM
HKKVFYSFIDDKNHNKKLLVIRTKGTIAGQYRVYSEEGANKSGLAWPSAFKVQLQLPDNE
VAQISDYYPRNSIDTKEYMSTLTYGFNGNVTGDDTGKIGGLIGANVSIGHTLKYVQPDFK
TILESPTDKKVGWKVIFNNMVNQNWGPYDRDSWNPVYGNQLFMKTRNGSMKAAENFLDPN
KASSLLSSGFSPDFATVITMDRKASKQQTNIDVIYERVRDDYQLHWTSTNWKGTNTKDKW
TDRSSERYKIDWEKEEMTN*
>abc_00002
MKLFYIVFLIIIWLNIFLGNEIIHTLTVLITTLYIVNSRKGIKNDRVE*
>abc_00003
MTELNNIINSLQSLFESESGYKISKNSGVPYQTVQDLRNGKTKLEDARFRTIIKLYSYYV
SLKEH*
>abc_00004
MSKNITKNIILTTTLLLLGTVLPQNQKPVFSFYSEAKAYSIGQDETNINELIKYYTQPHF
SFSNKWLYQYDNGNIYVELKRYSWSAHISLWGAESWGNINQLKDRYVDVFGLKDKDTDQL
WWSYRETFTGGVTPAAKPSDKTYNLFVQYKDKLQTIIGAHKIYQGNKPVLTLKEIDFRAR
EALIKNKILYTENRNKGKLKITGGGNNYTIDLSKRLHSDLANVYVKNPNKITVDVLFD*
>abc_00005
MNNNITKKIILSTTLLLLGTAFTQFPNTPINSSSEAKAYYINQNETNVNELTKYYSQKYL
TFSNSTLWQKDNGTIHATLLQFSWYSHIQVYGPESWGNINQLRNKSVDIFGIKDQETIDS
FALSQETFTGGVTPAATSNDKHYKLNVTYKDKAETFTGGFPVYEGNKPVLTLKELDFRIR
QTLIKSKKLYNNSYNKGQIKITGTDNNYTIDLSKRLPSTDANRYVKKPQNAKIEVILEKS
N*
>abc_00006
MKKNIMNKLVLSTALLLLGTTSTQLPKTPISFSSEAKAYNISENETNINELIKYYTQPHF
SLSGKWLWQKPNGSIHATLQTWVWYSHIQVFGSESWGNINQLRNKYVDIFGTKDEDTVEG
YWTYDETFTGGVTPAATSSDKPYRLFLKYSDKQQTIIGGHEFYKGNKPVLTLKELDFRIR
QTLIKNKKLYNGEFNKGQIKITADGNNYTIDLSKKLKLTDTNRYVKNPKNAQIEVILEKS
N*
>abc_00007
MKNLRNRSFLTLLDFSRQEVEFLLTLSEDLKRAKYIGTEKPMLKNKNIALLFEKDSTRTR
CAFEVAAHDQGANVTYLGPTGSQMGKKETTKDTARVLGGMYDGIEYRGFSQRTVETLAEN
SGVPVWNGLTDEDHPTQVLADFLTAKEVLKKDYADINFTYVGDGRNNVANALMQGAAIMG
MNFHLVCPKELNPTDELLNRCKNIAAENGGNILITDDIDQGVKGSDVIYTDVWVSMGEPD
EVWKERLELLKPYQVNKEMMDKTGNPNVIFEHCLPSFHNADTKIGQQIFEKYGIREMEVT
DEVFESKASVVFQEAENRMHTIKAVMVATLGEF*
>abc_00008
MMAKIVVALGGNALGKSPQEQLELVKNTAKSLVGLITKGHEIVISHGNGPQVGSINLGLN
YAAEHNQGPAFPFAECGAMSQAYIGYQLQESLQNELHSIGMDKQVVTLVTQVEVDENDPA
FNNPSKPIGLFYNKEEAEQIQKEKGFIFVEDAGRGYRRVVPSPQPISIIELESIKTLIKN
DTLVIAAGGGGIPVIREQHDGFKGIDAVIDKDKTSALLGANIQCDQLIILTAIDYVYINF
NTENQQPLKTTNVDELKRYIDENQFAKGSMLPKIEAAISFIENNPKGSVLITSLNELDAA
LEGKVGTVIKK*
>abc_01705
VENTINESEKKKRFKLKMPGAFMILFILTVVAVIATWVIPAGAYSKLSYEPSSQELKIVN
PHNQVKKVPGTQQELDKMGVKIKIEQFKSGAINKPVSIPNTYERLKQHPAGPEQITSSMV
EGTIEAVDIMVFILVLGGLIGVVQASGSFESGLLALTKKTKGHEFMLIVFVSILMIIGGT
LCGIEEEAVAFYPILVPIFIALGYDSIVSVGAIFLASSVGSTFSTINPFSVVIASNAAGT
TFTDGLYWRIGACIVGAIFVISYLYWYCKKIKNDPKASYSYEDKDAFEQQWSVLKDDDSA
HFTLRKKIILTLFVLPFPIMVWGVMTQGWWFPVMASAFLIFTIIIMFIAGTGKSGLGEKG
TVDAFVNGASSLVGVSLIIGLARGINLVLNEGMISDTILHFSSSLVQHMSGPLFIIVLLF
IFFCLGFIVPSSSGLAVLSMPIFAPLADTVGIPRFVIVTTYQFGQYAMLFLAPTGLVMAT
LQMLNMRYSHWFRFVWPVVAFVLIFGGGVLITQVLIYS*
>abc_00010
MTHLTKVLDTLTGICVVLLFSKYFVAYANMVFDWNLRWYLLENIPHLPIILFILMFIFGV
PSEMIKDRQRKNNGV*
>abc_00011
MRLQKAPLVTSGLVLGLLGLGNLLKDLSLTLNAVCGIFAFLIWIHLLCTMIKYFNNVKEQ
LNSPLVSSVFTTFFMSGFLGTTYLNTFFSNITFINSLITPIWILCLVGIMTHMIIFSIKY
LKDFSLENVYPSWTVLFIGIAIAGLTAPVSGCFFIGQLTVIYGFVATCIVLPIVFKRLKA
FPLQTSIKPNTSTICAPFSLVAAAYVIAFPKANAFIVIIFLILAQIFYFYIIIQLPKLLK
EPFSPVFSAFTFPLVISATALKNSLPVLMFPDIWKGLLFIEVLLATVIVLRVFIGYLHFF
LKKENQDKFLRNASQ*
>abc_00012
MRNQIQKLLDSDLSSLHISKQTGVPQSTIHRMRKKERSLDNMSLKNAELLYKFANSIFSN
EN*
>abc_00013
VLGGIRTPDRWLRRPLLYPAELPG
>abc_00014
MEGLFNAIKDTVTAAINNDGAKLGTSIVSIVENGVGLLGKLFGF*
>abc_00015
MTGLAEAIANTVQAAQQHDSVKLGTSIVDIVANGVGLLGKLFGF*
>abc_00016
LGYKNILIDFDDTIVDFYDAEEWAFHYMANVFNHKATKDDFLTFKKINHQHWEAFQQNKL
TKSEVLSERFVNYFKHHQMEVDGHRADVLFRNGLAEAKVKYFDQTLETIVELSKRHDLYI
VTNGVTETQKRRLNQTPLHKYIKKIFISEETGYQKPNPEFFNYVFNDIGEDERQHSIIVG
DSLTSDILGGINAGIATCWFNFRGFDHNPGIIPDYEINSWKQLNDIVR*
